setup seed:7
  state round=1 phase=movement active=player priority=-
  player mana 3/3 hand 7 deck 53 discard 0 | player-hero (0,3) hp 20/20 atk 1 ap 3/3
  opponent mana 3/3 hand 7 deck 53 discard 0 | opponent-hero (0,-3) hp 20/20 atk 1 ap 3/3
  buildings natural-mana-2 (0,0)

#3 expect ok (4 checks)

#4 player {"type":"startAttackPhase"}
  accepted: v2 commandAccepted
  event phaseChanged player attack
  state round=1 phase=attack active=player priority=-
  player mana 3/3 hand 7 deck 53 discard 0 | player-hero (0,3) hp 20/20 atk 1 ap 3/3
  opponent mana 3/3 hand 7 deck 53 discard 0 | opponent-hero (0,-3) hp 20/20 atk 1 ap 3/3
  buildings natural-mana-2 (0,0)

#5 player {"type":"startCardPlay"}
  accepted: v3 commandAccepted
  event phaseChanged player cardPlay
  state round=1 phase=cardPlay active=player priority=-
  player mana 3/3 hand 7 deck 53 discard 0 | player-hero (0,3) hp 20/20 atk 1 ap 3/3
  opponent mana 3/3 hand 7 deck 53 discard 0 | opponent-hero (0,-3) hp 20/20 atk 1 ap 3/3
  buildings natural-mana-2 (0,0)

#6 player {"type":"endTurn"}
  accepted: v4 commandAccepted
  event turnEnded player round 1
  event turnStarted opponent round 1
  state round=1 phase=movement active=opponent priority=-
  player mana 3/3 hand 7 deck 53 discard 0 | player-hero (0,3) hp 20/20 atk 1 ap 3/3
  opponent mana 3/3 hand 7 deck 53 discard 0 | opponent-hero (0,-3) hp 20/20 atk 1 ap 3/3
  buildings natural-mana-2 (0,0)

#7.1 opponent ai {"type":"movePiece","pieceId":"opponent-hero","to":{"q":0,"r":-2}}
  accepted: v5 commandAccepted
  event actionQueued opponent stack-1 opponent p0 movePiece opponent-hero (0,-3)->(0,-2)
  state round=1 phase=movement active=opponent priority=player
  player mana 3/3 hand 7 deck 53 discard 0 | player-hero (0,3) hp 20/20 atk 1 ap 3/3
  opponent mana 3/3 hand 7 deck 53 discard 0 | opponent-hero (0,-3) hp 20/20 atk 1 ap 2/3
  buildings natural-mana-2 (0,0)
  stack stack-1 opponent p0 movePiece opponent-hero (0,-3)->(0,-2)

#9 expect ok (4 checks)

#10 player {"type":"passPriority"}
  accepted: v6 commandAccepted
  event pieceMoved opponent opponent-hero (0,-3)->(0,-2)
  state round=1 phase=movement active=opponent priority=-
  player mana 3/3 hand 7 deck 53 discard 0 | player-hero (0,3) hp 20/20 atk 1 ap 3/3
  opponent mana 3/3 hand 7 deck 53 discard 0 | opponent-hero (0,-2) hp 20/20 atk 1 ap 2/3
  buildings natural-mana-2 (0,0)

#11.1 opponent ai {"type":"movePiece","pieceId":"opponent-hero","to":{"q":0,"r":-1}}
  accepted: v7 commandAccepted
  event actionQueued opponent stack-2 opponent p0 movePiece opponent-hero (0,-2)->(0,-1)
  state round=1 phase=movement active=opponent priority=player
  player mana 3/3 hand 7 deck 53 discard 0 | player-hero (0,3) hp 20/20 atk 1 ap 3/3
  opponent mana 3/3 hand 7 deck 53 discard 0 | opponent-hero (0,-2) hp 20/20 atk 1 ap 1/3
  buildings natural-mana-2 (0,0)
  stack stack-2 opponent p0 movePiece opponent-hero (0,-2)->(0,-1)

#12 player {"type":"passPriority"}
  accepted: v8 commandAccepted
  event pieceMoved opponent opponent-hero (0,-2)->(0,-1)
  state round=1 phase=movement active=opponent priority=-
  player mana 3/3 hand 7 deck 53 discard 0 | player-hero (0,3) hp 20/20 atk 1 ap 3/3
  opponent mana 3/3 hand 7 deck 53 discard 0 | opponent-hero (0,-1) hp 20/20 atk 1 ap 1/3
  buildings natural-mana-2 (0,0)

#13.1 opponent ai {"type":"movePiece","pieceId":"opponent-hero","to":{"q":0,"r":0}}
  accepted: v9 commandAccepted
  event actionQueued opponent stack-3 opponent p0 movePiece opponent-hero (0,-1)->(0,0)
  state round=1 phase=movement active=opponent priority=player
  player mana 3/3 hand 7 deck 53 discard 0 | player-hero (0,3) hp 20/20 atk 1 ap 3/3
  opponent mana 3/3 hand 7 deck 53 discard 0 | opponent-hero (0,-1) hp 20/20 atk 1 ap 0/3
  buildings natural-mana-2 (0,0)
  stack stack-3 opponent p0 movePiece opponent-hero (0,-1)->(0,0)

#14 player {"type":"passPriority"}
  accepted: v10 commandAccepted
  event pieceMoved opponent opponent-hero (0,-1)->(0,0)
  state round=1 phase=movement active=opponent priority=-
  player mana 3/3 hand 7 deck 53 discard 0 | player-hero (0,3) hp 20/20 atk 1 ap 3/3
  opponent mana 3/3 hand 7 deck 53 discard 0 | opponent-hero (0,0) hp 20/20 atk 1 ap 0/3
  buildings natural-mana-2 (0,0)

#16 expect ok (2 checks)

#17.1 opponent ai {"type":"playCard","cardId":"o-1-runic-insight","target":{"type":"piece","pieceId":"opponent-hero"}}
  accepted: v11 commandAccepted
  event cardPlayed opponent runic-insight (spell cost 1) -> piece opponent-hero
  event actionQueued opponent stack-4 opponent p1 castSpell runic-insight -> opponent-hero
  state round=1 phase=movement active=opponent priority=player
  player mana 3/3 hand 7 deck 53 discard 0 | player-hero (0,3) hp 20/20 atk 1 ap 3/3
  opponent mana 2/3 hand 6 deck 53 discard 1 | opponent-hero (0,0) hp 20/20 atk 1 ap 0/3
  buildings natural-mana-2 (0,0)
  stack stack-4 opponent p1 castSpell runic-insight -> opponent-hero

#18 player {"type":"passPriority"}
  accepted: v12 commandAccepted
  event cardDrawn opponent arcane-parry
  state round=1 phase=movement active=opponent priority=-
  player mana 3/3 hand 7 deck 53 discard 0 | player-hero (0,3) hp 20/20 atk 1 ap 3/3
  opponent mana 2/3 hand 7 deck 52 discard 1 | opponent-hero (0,0) hp 20/20 atk 1 ap 0/3
  buildings natural-mana-2 (0,0)

#19.1 opponent ai {"type":"playCard","cardId":"o-1-ash-hound","target":{"type":"hex","coord":{"q":0,"r":1}}}
  accepted: v13 commandAccepted
  event cardPlayed opponent ash-hound (unit cost 2) -> hex (0,1)
  event actionQueued opponent stack-5 opponent p0 playUnit ash-hound (0,1)
  state round=1 phase=movement active=opponent priority=player
  player mana 3/3 hand 7 deck 53 discard 0 | player-hero (0,3) hp 20/20 atk 1 ap 3/3
  opponent mana 0/3 hand 6 deck 52 discard 2 | opponent-hero (0,0) hp 20/20 atk 1 ap 0/3
  buildings natural-mana-2 (0,0)
  stack stack-5 opponent p0 playUnit ash-hound (0,1)

#20 player {"type":"passPriority"}
  accepted: v14 commandAccepted
  event unitSummoned opponent O1 "Ash Hound" (0,1)
  state round=1 phase=movement active=opponent priority=-
  player mana 3/3 hand 7 deck 53 discard 0 | player-hero (0,3) hp 20/20 atk 1 ap 3/3
  opponent mana 0/3 hand 6 deck 52 discard 2 | opponent-hero (0,0) hp 20/20 atk 1 ap 0/3 | O1 (0,1) atk 2 arm 1/1 ap 1/3
  buildings natural-mana-2 (0,0)

#22 expect ok (2 checks)

#23.1 opponent ai {"type":"movePiece","pieceId":"O1","to":{"q":0,"r":2}}
  accepted: v15 commandAccepted
  event actionQueued opponent stack-6 opponent p0 movePiece O1 (0,1)->(0,2)
  state round=1 phase=movement active=opponent priority=player
  player mana 3/3 hand 7 deck 53 discard 0 | player-hero (0,3) hp 20/20 atk 1 ap 3/3
  opponent mana 0/3 hand 6 deck 52 discard 2 | opponent-hero (0,0) hp 20/20 atk 1 ap 0/3 | O1 (0,1) atk 2 arm 1/1 ap 0/3
  buildings natural-mana-2 (0,0)
  stack stack-6 opponent p0 movePiece O1 (0,1)->(0,2)

#24 player {"type":"passPriority"}
  accepted: v16 commandAccepted
  event pieceMoved opponent O1 (0,1)->(0,2)
  state round=1 phase=movement active=opponent priority=-
  player mana 3/3 hand 7 deck 53 discard 0 | player-hero (0,3) hp 20/20 atk 1 ap 3/3
  opponent mana 0/3 hand 6 deck 52 discard 2 | opponent-hero (0,0) hp 20/20 atk 1 ap 0/3 | O1 (0,2) atk 2 arm 1/1 ap 0/3
  buildings natural-mana-2 (0,0)

#25.1 opponent ai {"type":"startAttackPhase"}
  accepted: v17 commandAccepted
  event phaseChanged opponent attack
  state round=1 phase=attack active=opponent priority=-
  player mana 3/3 hand 7 deck 53 discard 0 | player-hero (0,3) hp 20/20 atk 1 ap 3/3
  opponent mana 0/3 hand 6 deck 52 discard 2 | opponent-hero (0,0) hp 20/20 atk 1 ap 0/3 | O1 (0,2) atk 2 arm 1/1 ap 0/3
  buildings natural-mana-2 (0,0)

#25.2 opponent ai {"type":"startCardPlay"}
  accepted: v18 commandAccepted
  event phaseChanged opponent cardPlay
  state round=1 phase=cardPlay active=opponent priority=-
  player mana 3/3 hand 7 deck 53 discard 0 | player-hero (0,3) hp 20/20 atk 1 ap 3/3
  opponent mana 0/3 hand 6 deck 52 discard 2 | opponent-hero (0,0) hp 20/20 atk 1 ap 0/3 | O1 (0,2) atk 2 arm 1/1 ap 0/3
  buildings natural-mana-2 (0,0)

#25.3 opponent ai finishTurn
  accepted: v19 aiTurnFinished
  event turnEnded opponent round 1
  event turnStarted player round 2
  event cardDrawn player quick-salve
  event roundStarted 2
  state round=2 phase=movement active=player priority=-
  player mana 3/3 hand 8 deck 52 discard 0 | player-hero (0,3) hp 20/20 atk 1 ap 3/3
  opponent mana 0/3 hand 6 deck 52 discard 2 | opponent-hero (0,0) hp 20/20 atk 1 ap 0/3 | O1 (0,2) atk 2 arm 1/1 ap 0/3
  buildings natural-mana-2 (0,0)

#26 expect ok (3 checks)

legal commands for player (17):
  {"type":"playCard","cardId":"p-4-mana-well","target":{"type":"hex","coord":{"q":1,"r":2}}}
  {"type":"playCard","cardId":"p-4-mana-well","target":{"type":"hex","coord":{"q":-1,"r":3}}}
  {"type":"playCard","cardId":"p-3-swift-familiar","target":{"type":"hex","coord":{"q":1,"r":2}}}
  {"type":"playCard","cardId":"p-3-swift-familiar","target":{"type":"hex","coord":{"q":-1,"r":3}}}
  {"type":"playCard","cardId":"p-2-prism-initiate","target":{"type":"hex","coord":{"q":1,"r":2}}}
  {"type":"playCard","cardId":"p-2-prism-initiate","target":{"type":"hex","coord":{"q":-1,"r":3}}}
  {"type":"playCard","cardId":"p-3-prism-initiate","target":{"type":"hex","coord":{"q":1,"r":2}}}
  {"type":"playCard","cardId":"p-3-prism-initiate","target":{"type":"hex","coord":{"q":-1,"r":3}}}
  {"type":"playCard","cardId":"p-0-ash-hound","target":{"type":"hex","coord":{"q":1,"r":2}}}
  {"type":"playCard","cardId":"p-0-ash-hound","target":{"type":"hex","coord":{"q":-1,"r":3}}}
  {"type":"playCard","cardId":"p-3-quick-salve","target":{"type":"piece","pieceId":"player-hero"}}
  {"type":"playCard","cardId":"p-2-ash-hound","target":{"type":"hex","coord":{"q":1,"r":2}}}
  {"type":"playCard","cardId":"p-2-ash-hound","target":{"type":"hex","coord":{"q":-1,"r":3}}}
  {"type":"playCard","cardId":"p-0-quick-salve","target":{"type":"piece","pieceId":"player-hero"}}
  {"type":"movePiece","pieceId":"player-hero","to":{"q":1,"r":2}}
  {"type":"movePiece","pieceId":"player-hero","to":{"q":-1,"r":3}}
  {"type":"startAttackPhase"}

result: ok (5 expectations passed)
